// Jest Snapshot v1, https://goo.gl/fbAQLP

exports[`MonthPicker and WeekPicker render MonthPicker 1`] = `
<div>
  <div class="gov-calendar-picker-container  gov-calendar-picker-container-placement-bottomLeft" style="left: -999px; top: -1002px;">
    <div tabindex="0" class="gov-calendar gov-calendar-month-calendar gov-calendar-month gov-calendar-picker-container-content">
      <div class="gov-calendar-month-calendar-content">
        <div class="gov-calendar-month-header-wrap">
          <div class="gov-calendar-header">
            <div style="position: relative;"><a role="button" title="上一年 (Control键加左方向键)" class="gov-calendar-prev-year-btn"></a><a role="button" title="上个月 (翻页上键)" class="gov-calendar-prev-month-btn"></a><span class="gov-calendar-ym-select"><a role="button" title="选择年份" class="gov-calendar-year-select">2000年</a><a role="button" title="选择月份" class="gov-calendar-month-select">1月</a></span><a title="下个月 (翻页下键)" class="gov-calendar-next-month-btn"></a><a title="下一年 (Control键加右方向键)" class="gov-calendar-next-year-btn"></a></div>
            <div class="gov-calendar-month-panel">
              <div>
                <div class="gov-calendar-month-panel-header"><a role="button" title="上一年 (Control键加左方向键)" class="gov-calendar-month-panel-prev-year-btn"></a><a role="button" title="选择年份" class="gov-calendar-month-panel-year-select"><span class="gov-calendar-month-panel-year-select-content">2000</span><span class="gov-calendar-month-panel-year-select-arrow">x</span></a><a role="button" title="下一年 (Control键加右方向键)" class="gov-calendar-month-panel-next-year-btn"></a></div>
                <div class="gov-calendar-month-panel-body">
                  <table cellspacing="0" role="grid" class="gov-calendar-month-panel-table">
                    <tbody class="gov-calendar-month-panel-tbody">
                      <tr role="row">
                        <td role="gridcell" title="一月" class="gov-calendar-month-panel-cell gov-calendar-month-panel-selected-cell"><a class="gov-calendar-month-panel-month">一月</a></td>
                        <td role="gridcell" title="二月" class="gov-calendar-month-panel-cell"><a class="gov-calendar-month-panel-month">二月</a></td>
                        <td role="gridcell" title="三月" class="gov-calendar-month-panel-cell"><a class="gov-calendar-month-panel-month">三月</a></td>
                      </tr>
                      <tr role="row">
                        <td role="gridcell" title="四月" class="gov-calendar-month-panel-cell"><a class="gov-calendar-month-panel-month">四月</a></td>
                        <td role="gridcell" title="五月" class="gov-calendar-month-panel-cell"><a class="gov-calendar-month-panel-month">五月</a></td>
                        <td role="gridcell" title="六月" class="gov-calendar-month-panel-cell"><a class="gov-calendar-month-panel-month">六月</a></td>
                      </tr>
                      <tr role="row">
                        <td role="gridcell" title="七月" class="gov-calendar-month-panel-cell"><a class="gov-calendar-month-panel-month">七月</a></td>
                        <td role="gridcell" title="八月" class="gov-calendar-month-panel-cell"><a class="gov-calendar-month-panel-month">八月</a></td>
                        <td role="gridcell" title="九月" class="gov-calendar-month-panel-cell"><a class="gov-calendar-month-panel-month">九月</a></td>
                      </tr>
                      <tr role="row">
                        <td role="gridcell" title="十月" class="gov-calendar-month-panel-cell"><a class="gov-calendar-month-panel-month">十月</a></td>
                        <td role="gridcell" title="十一月" class="gov-calendar-month-panel-cell"><a class="gov-calendar-month-panel-month">十一月</a></td>
                        <td role="gridcell" title="十二月" class="gov-calendar-month-panel-cell"><a class="gov-calendar-month-panel-month">十二月</a></td>
                      </tr>
                    </tbody>
                  </table>
                </div>
              </div>
            </div>
          </div>
        </div>
        <!---->
      </div>
    </div>
  </div>
</div>
`;

exports[`MonthPicker and WeekPicker render WeekPicker 1`] = `
<div>
  <div class="gov-calendar-picker-container  gov-calendar-picker-container-placement-bottomLeft" style="left: -999px; top: -1002px;">
    <div tabindex="0" class="gov-calendar gov-calendar-week-number gov-calendar-picker-container-content">
      <div class="gov-calendar-panel">
        <div class="gov-calendar-date-panel">
          <div class="gov-calendar-header">
            <div style="position: relative;"><a role="button" title="上一年 (Control键加左方向键)" class="gov-calendar-prev-year-btn"></a><a role="button" title="上个月 (翻页上键)" class="gov-calendar-prev-month-btn"></a><span class="gov-calendar-ym-select"><a role="button" title="选择年份" class="gov-calendar-year-select">2000年</a><a role="button" title="选择月份" class="gov-calendar-month-select">1月</a></span><a title="下个月 (翻页下键)" class="gov-calendar-next-month-btn"></a><a title="下一年 (Control键加右方向键)" class="gov-calendar-next-year-btn"></a></div>
          </div>
          <div class="gov-calendar-body">
            <table cellspacing="0" role="grid" class="gov-calendar-table">
              <thead>
                <tr role="row">
                  <th role="columnheader" class="gov-calendar-column-header gov-calendar-week-number-header"><span class="gov-calendar-column-header-inner">x</span></th>
                  <th role="columnheader" title="周一" class="gov-calendar-column-header"><span class="gov-calendar-column-header-inner">一</span></th>
                  <th role="columnheader" title="周二" class="gov-calendar-column-header"><span class="gov-calendar-column-header-inner">二</span></th>
                  <th role="columnheader" title="周三" class="gov-calendar-column-header"><span class="gov-calendar-column-header-inner">三</span></th>
                  <th role="columnheader" title="周四" class="gov-calendar-column-header"><span class="gov-calendar-column-header-inner">四</span></th>
                  <th role="columnheader" title="周五" class="gov-calendar-column-header"><span class="gov-calendar-column-header-inner">五</span></th>
                  <th role="columnheader" title="周六" class="gov-calendar-column-header"><span class="gov-calendar-column-header-inner">六</span></th>
                  <th role="columnheader" title="周日" class="gov-calendar-column-header"><span class="gov-calendar-column-header-inner">日</span></th>
                </tr>
              </thead>
              <tbody class="gov-calendar-tbody">
                <tr role="row" class="gov-calendar-active-week">
                  <td role="gridcell" class="gov-calendar-week-number-cell">52</td>
                  <td role="gridcell" title="1999年12月27日" class="gov-calendar-cell gov-calendar-last-month-cell">
                    <div class="gov-calendar-date">27</div>
                  </td>
                  <td role="gridcell" title="1999年12月28日" class="gov-calendar-cell gov-calendar-last-month-cell">
                    <div class="gov-calendar-date">28</div>
                  </td>
                  <td role="gridcell" title="1999年12月29日" class="gov-calendar-cell gov-calendar-last-month-cell">
                    <div class="gov-calendar-date">29</div>
                  </td>
                  <td role="gridcell" title="1999年12月30日" class="gov-calendar-cell gov-calendar-last-month-cell">
                    <div class="gov-calendar-date">30</div>
                  </td>
                  <td role="gridcell" title="1999年12月31日" class="gov-calendar-cell gov-calendar-last-month-cell gov-calendar-last-day-of-month">
                    <div class="gov-calendar-date">31</div>
                  </td>
                  <td role="gridcell" title="2000年1月1日" class="gov-calendar-cell gov-calendar-selected-date gov-calendar-selected-day">
                    <div class="gov-calendar-selected-day">
                      <div class="gov-calendar-date">1</div>
                    </div>
                  </td>
                  <td role="gridcell" title="2000年1月2日" class="gov-calendar-cell">
                    <div class="gov-calendar-selected-day">
                      <div class="gov-calendar-date">2</div>
                    </div>
                  </td>
                </tr>
                <tr role="row" class="">
                  <td role="gridcell" class="gov-calendar-week-number-cell">1</td>
                  <td role="gridcell" title="2000年1月3日" class="gov-calendar-cell">
                    <div class="gov-calendar-date">3</div>
                  </td>
                  <td role="gridcell" title="2000年1月4日" class="gov-calendar-cell">
                    <div class="gov-calendar-date">4</div>
                  </td>
                  <td role="gridcell" title="2000年1月5日" class="gov-calendar-cell">
                    <div class="gov-calendar-date">5</div>
                  </td>
                  <td role="gridcell" title="2000年1月6日" class="gov-calendar-cell">
                    <div class="gov-calendar-date">6</div>
                  </td>
                  <td role="gridcell" title="2000年1月7日" class="gov-calendar-cell">
                    <div class="gov-calendar-date">7</div>
                  </td>
                  <td role="gridcell" title="2000年1月8日" class="gov-calendar-cell">
                    <div class="gov-calendar-date">8</div>
                  </td>
                  <td role="gridcell" title="2000年1月9日" class="gov-calendar-cell">
                    <div class="gov-calendar-date">9</div>
                  </td>
                </tr>
                <tr role="row" class="">
                  <td role="gridcell" class="gov-calendar-week-number-cell">2</td>
                  <td role="gridcell" title="2000年1月10日" class="gov-calendar-cell">
                    <div class="gov-calendar-date">10</div>
                  </td>
                  <td role="gridcell" title="2000年1月11日" class="gov-calendar-cell">
                    <div class="gov-calendar-date">11</div>
                  </td>
                  <td role="gridcell" title="2000年1月12日" class="gov-calendar-cell">
                    <div class="gov-calendar-date">12</div>
                  </td>
                  <td role="gridcell" title="2000年1月13日" class="gov-calendar-cell">
                    <div class="gov-calendar-date">13</div>
                  </td>
                  <td role="gridcell" title="2000年1月14日" class="gov-calendar-cell">
                    <div class="gov-calendar-date">14</div>
                  </td>
                  <td role="gridcell" title="2000年1月15日" class="gov-calendar-cell">
                    <div class="gov-calendar-date">15</div>
                  </td>
                  <td role="gridcell" title="2000年1月16日" class="gov-calendar-cell">
                    <div class="gov-calendar-date">16</div>
                  </td>
                </tr>
                <tr role="row" class="">
                  <td role="gridcell" class="gov-calendar-week-number-cell">3</td>
                  <td role="gridcell" title="2000年1月17日" class="gov-calendar-cell">
                    <div class="gov-calendar-date">17</div>
                  </td>
                  <td role="gridcell" title="2000年1月18日" class="gov-calendar-cell">
                    <div class="gov-calendar-date">18</div>
                  </td>
                  <td role="gridcell" title="2000年1月19日" class="gov-calendar-cell">
                    <div class="gov-calendar-date">19</div>
                  </td>
                  <td role="gridcell" title="2000年1月20日" class="gov-calendar-cell">
                    <div class="gov-calendar-date">20</div>
                  </td>
                  <td role="gridcell" title="2000年1月21日" class="gov-calendar-cell">
                    <div class="gov-calendar-date">21</div>
                  </td>
                  <td role="gridcell" title="2000年1月22日" class="gov-calendar-cell">
                    <div class="gov-calendar-date">22</div>
                  </td>
                  <td role="gridcell" title="2000年1月23日" class="gov-calendar-cell">
                    <div class="gov-calendar-date">23</div>
                  </td>
                </tr>
                <tr role="row" class="">
                  <td role="gridcell" class="gov-calendar-week-number-cell">4</td>
                  <td role="gridcell" title="2000年1月24日" class="gov-calendar-cell">
                    <div class="gov-calendar-date">24</div>
                  </td>
                  <td role="gridcell" title="2000年1月25日" class="gov-calendar-cell">
                    <div class="gov-calendar-date">25</div>
                  </td>
                  <td role="gridcell" title="2000年1月26日" class="gov-calendar-cell">
                    <div class="gov-calendar-date">26</div>
                  </td>
                  <td role="gridcell" title="2000年1月27日" class="gov-calendar-cell">
                    <div class="gov-calendar-date">27</div>
                  </td>
                  <td role="gridcell" title="2000年1月28日" class="gov-calendar-cell">
                    <div class="gov-calendar-date">28</div>
                  </td>
                  <td role="gridcell" title="2000年1月29日" class="gov-calendar-cell">
                    <div class="gov-calendar-date">29</div>
                  </td>
                  <td role="gridcell" title="2000年1月30日" class="gov-calendar-cell">
                    <div class="gov-calendar-date">30</div>
                  </td>
                </tr>
                <tr role="row" class="">
                  <td role="gridcell" class="gov-calendar-week-number-cell">5</td>
                  <td role="gridcell" title="2000年1月31日" class="gov-calendar-cell gov-calendar-last-day-of-month">
                    <div class="gov-calendar-date">31</div>
                  </td>
                  <td role="gridcell" title="2000年2月1日" class="gov-calendar-cell gov-calendar-next-month-btn-day">
                    <div class="gov-calendar-date">1</div>
                  </td>
                  <td role="gridcell" title="2000年2月2日" class="gov-calendar-cell gov-calendar-next-month-btn-day">
                    <div class="gov-calendar-date">2</div>
                  </td>
                  <td role="gridcell" title="2000年2月3日" class="gov-calendar-cell gov-calendar-next-month-btn-day">
                    <div class="gov-calendar-date">3</div>
                  </td>
                  <td role="gridcell" title="2000年2月4日" class="gov-calendar-cell gov-calendar-next-month-btn-day">
                    <div class="gov-calendar-date">4</div>
                  </td>
                  <td role="gridcell" title="2000年2月5日" class="gov-calendar-cell gov-calendar-next-month-btn-day">
                    <div class="gov-calendar-date">5</div>
                  </td>
                  <td role="gridcell" title="2000年2月6日" class="gov-calendar-cell gov-calendar-next-month-btn-day">
                    <div class="gov-calendar-date">6</div>
                  </td>
                </tr>
              </tbody>
            </table>
          </div>
          <!---->
        </div>
      </div>
    </div>
  </div>
</div>
`;
