// Jest Snapshot v1, https://goo.gl/fbAQLP

exports[`Table renders JSX correctly 1`] = `
<div class="gov-table-wrapper">
  <div class="gov-spin-nested-loading">
    <div class="gov-spin-container">
      <div class="gov-table gov-table-scroll-position-left gov-table-default">
        <div class="gov-table-content">
          <!---->
          <div class="gov-table-body">
            <table class="">
              <colgroup>
                <col>
                <col>
                <col>
              </colgroup>
              <thead class="gov-table-thead">
                <tr>
                  <th key="0" colspan="2" class="">
                    <div>Name</div>
                  </th>
                  <th key="age" rowspan="2" class="">
                    <div>Age</div>
                  </th>
                </tr>
                <tr>
                  <th key="firstName" class="">
                    <div>First Name</div>
                  </th>
                  <th key="lastName" class="">
                    <div>Last Name</div>
                  </th>
                </tr>
              </thead>
              <tbody class="gov-table-tbody">
                <tr class="gov-table-row gov-table-row-level-0" data-row-key="1">
                  <td class=""><span class="gov-table-row-indent indent-level-0" style="padding-left: 0px;"></span>
                    <!---->John</td>
                  <td class="">Brown</td>
                  <td class="">32</td>
                </tr>
                <tr class="gov-table-row gov-table-row-level-0" data-row-key="2">
                  <td class=""><span class="gov-table-row-indent indent-level-0" style="padding-left: 0px;"></span>
                    <!---->Jim</td>
                  <td class="">Green</td>
                  <td class="">42</td>
                </tr>
              </tbody>
            </table>
          </div>
        </div>
      </div>
    </div>
  </div>
</div>
`;
