// Jest Snapshot v1, https://goo.gl/fbAQLP

exports[`Popconfirm should show overlay when trigger is clicked 1`] = `
<div class="gov-popover-content">
  <div class="gov-popover-arrow"></div>
  <div role="tooltip" class="gov-popover-inner">
    <div class="gov-popover-inner-content">
      <div class="gov-popover-message"><i class="anticon anticon-exclamation-circle"><svg viewBox="64 64 896 896" data-icon="exclamation-circle" width="1em" height="1em" fill="currentColor" aria-hidden="true" class="">
            <path d="M512 64C264.6 64 64 264.6 64 512s200.6 448 448 448 448-200.6 448-448S759.4 64 512 64zm-32 232c0-4.4 3.6-8 8-8h48c4.4 0 8 3.6 8 8v272c0 4.4-3.6 8-8 8h-48c-4.4 0-8-3.6-8-8V296zm32 440a48.01 48.01 0 0 1 0-96 48.01 48.01 0 0 1 0 96z"></path>
          </svg></i>
        <div class="gov-popover-message-title">code</div>
      </div>
      <div class="gov-popover-buttons"><button type="button" class="gov-btn gov-btn-default gov-btn-sm"><span>取 消</span></button><button type="button" class="gov-btn gov-btn-primary gov-btn-sm"><span>确 定</span></button></div>
    </div>
  </div>
</div>
`;
